// Jest Snapshot v1, https://goo.gl/fbAQLP

exports[`Render the ROcket Reservation Section  Renders all Section with rocket reservaton or cancelation 1`] = `
<div
  className="p-2 hstack gap-2 minBreakpoint-xs"
>
  <div>
    <img
      alt="rocket"
      className=""
      width={250}
    />
  </div>
  <div
    className="vstack minBreakpoint-xs"
  >
    <h2 />
    <p />
    <div>
      <button
        className="btn btn-primary"
        disabled={false}
        onClick={[Function]}
        type="button"
      >
        Reserve Rocket
      </button>
    </div>
  </div>
</div>
`;

exports[`Render the missions list in profile page Renders all joined missions correctly into the profile page 1`] = `
<div
  className="p-2 hstack gap-2 minBreakpoint-xs"
>
  <div>
    <img
      alt="rocket"
      className=""
      width={250}
    />
  </div>
  <div
    className="vstack minBreakpoint-xs"
  >
    <h2 />
    <p />
    <div>
      <button
        className="btn btn-primary"
        disabled={false}
        onClick={[Function]}
        type="button"
      >
        Reserve Rocket
      </button>
    </div>
  </div>
</div>
`;
